Error: %<condition: UncaughtSignal(escape)>
Info: --- backtrace ---
- leave.assert_failed()
- :fail()
- :that(false)
