Error: %<condition: Signal(escape)>
Info: --- backtrace ---
- leave.assert_failed()
- :fail()
- :that(false)
- :equals(1, 2)
