Error: --- backtrace ---
- leave.blam!("a")
- lambda~(canonicalized)("a")
"a"
"b"
