Error: --- backtrace ---
- :fail()
- :that(false)
- :equals(1, 2)
- lambda~(canonicalized)()
