Error: %<condition: UncaughtSignal(escape)>
Info: --- backtrace ---
- #<module $:neutrino/tests/n/message/leave_failure.n>.leave(#<reified_arguments :capture(1, 2, 3)>)
- :level2()
- :level1()
