Error: %<condition: UncaughtSignal(escape)>
Info: --- backtrace ---
- leave.outer()
- ensure
- :leave_plain_ensure()
